
> qodebook-dashboard@0.1.0 build
> next build

   Γû▓ Next.js 15.5.12
   - Environments: .env.local

